{
'project:PHPExcel_1.7.9_doc/Classes/PHPExcel/Shared/OLE.php':[
290,
],
'project:PHPExcel_1.7.9_doc/Classes/PHPExcel/Shared/PCLZip/pclzip.lib.php':[
230,
],
'project:PHPMailer/extras/htmlfilter.php':[
533,
],
'project:PHP_CodeSniffer/CodeSniffer.php':[
655,
],
'project:PHP_CodeSniffer/CodeSniffer/CommentParser/CommentElement.php':[
115,
],
'project:PHP_CodeSniffer/CodeSniffer/File.php':[
1315,
1675,
],
'project:PHP_CodeSniffer/CodeSniffer/Standards/Generic/Sniffs/CodeAnalysis/UnconditionalIfStatementSniff.php':[
90,
],
'project:PHP_CodeSniffer/CodeSniffer/Standards/Generic/Sniffs/ControlStructures/InlineControlStructureSniff.php':[
112,
],
'project:PHP_CodeSniffer/CodeSniffer/Standards/Generic/Sniffs/Formatting/DisallowMultipleStatementsSniff.php':[
80,
],
'project:PHP_CodeSniffer/CodeSniffer/Standards/Generic/Sniffs/Functions/OpeningFunctionBraceKernighanRitchieSniff.php':[
109,
],
'project:PHP_CodeSniffer/CodeSniffer/Standards/Generic/Sniffs/NamingConventions/CamelCapsFunctionNameSniff.php':[
163,
],
'project:PHP_CodeSniffer/CodeSniffer/Standards/MySource/Sniffs/Channels/DisallowSelfActionsSniff.php':[
120,
],
'project:PHP_CodeSniffer/CodeSniffer/Standards/PEAR/Sniffs/Commenting/FileCommentSniff.php':[
190,
194,
199,
],
'project:PHP_CodeSniffer/CodeSniffer/Standards/PEAR/Sniffs/ControlStructures/MultiLineConditionSniff.php':[
139,
],
'project:PHP_CodeSniffer/CodeSniffer/Standards/PEAR/Sniffs/Functions/FunctionDeclarationSniff.php':[
286,
],
'project:PHP_CodeSniffer/CodeSniffer/Standards/PEAR/Sniffs/NamingConventions/ValidFunctionNameSniff.php':[
167,
],
'project:PHP_CodeSniffer/CodeSniffer/Standards/PEAR/Sniffs/NamingConventions/ValidVariableNameSniff.php':[
76,
],
'project:PHP_CodeSniffer/CodeSniffer/Standards/Squiz/Sniffs/Commenting/ClosingDeclarationCommentSniff.php':[
119,
],
'project:PHP_CodeSniffer/CodeSniffer/Standards/Squiz/Sniffs/Commenting/FunctionCommentThrowTagSniff.php':[
172,
194,
],
'project:PHP_CodeSniffer/CodeSniffer/Standards/Squiz/Sniffs/Commenting/LongConditionClosingCommentSniff.php':[
182,
],
'project:PHP_CodeSniffer/CodeSniffer/Standards/Squiz/Sniffs/WhiteSpace/FunctionOpeningBraceSpaceSniff.php':[
117,
],
'project:PHP_CodeSniffer/CodeSniffer/Standards/Squiz/Sniffs/WhiteSpace/FunctionSpacingSniff.php':[
82,
125,
],
'project:PHP_CodeSniffer/CodeSniffer/Standards/Squiz/Sniffs/WhiteSpace/MemberVarSpacingSniff.php':[
53,
56,
],
'project:symfony/Symfony/Bridge/Doctrine/Logger/DbalLogger.php':[
68,
73,
],
'project:symfony/Symfony/Bundle/FrameworkBundle/Translation/PhpExtractor.php':[
104,
108,
],
'project:symfony/Symfony/Component/ClassLoader/ClassCollectionLoader.php':[
157,
],
'project:symfony/Symfony/Component/Config/Util/XmlUtils.php':[
140,
],
'project:symfony/Symfony/Component/Finder/Adapter/AbstractFindAdapter.php':[
98,
],
'project:symfony/Symfony/Component/Process/Tests/SignalListener.php':[
16,
],
'project:symfony/Symfony/Component/Security/Acl/Dbal/AclProvider.php':[
656,
],
'project:symfony/Symfony/Component/Translation/Loader/CsvFileLoader.php':[
69,
],
'project:symfony/Symfony/Component/Validator/Constraints/ChoiceValidator.php':[
77,
],
'project:symfony/Symfony/Component/Validator/Constraints/IbanValidator.php':[
67,
],
'project:symfony/Symfony/Component/Validator/Tests/Fixtures/ConstraintAValidator.php':[
37,
],
'project:symfony/Symfony/Component/Validator/Tests/Fixtures/FailingConstraintValidator.php':[
23,
],
'project:symfony/Symfony/Component/Yaml/Tests/DumperTest.php':[
94,
],
}
